23:11:40 **** Incremental Build of configuration Debug for project hdmi_hardcode_test ****
make all 
'Building file: ../src/hdmi_text_controller.c'
'Invoking: MicroBlaze gcc compiler'
mb-gcc -Wall -O0 -g3 -c -fmessage-length=0 -MT"src/hdmi_text_controller.o" -IC:/Users/Samwa/ALL_ece385/ECE385_github/lab_72/lab_72.sdk_new/mb_usb_hdmi_top_hardcoded/export/mb_usb_hdmi_top_hardcoded/sw/mb_usb_hdmi_top_hardcoded/standalone_microblaze_0/bspinclude/include -mno-xl-reorder -mlittle-endian -mxl-barrel-shift -mxl-pattern-compare -mcpu=v11.0 -mno-xl-soft-mul -Wl,--no-relax -ffunction-sections -fdata-sections -MMD -MP -MF"src/hdmi_text_controller.d" -MT"src/hdmi_text_controller.o" -o "src/hdmi_text_controller.o" "../src/hdmi_text_controller.c"
In file included from ../src/hdmi_text_controller.h:8,
                 from ../src/hdmi_text_controller.c:4:
C:/Users/Samwa/ALL_ece385/ECE385_github/lab_72/lab_72.sdk_new/mb_usb_hdmi_top_hardcoded/export/mb_usb_hdmi_top_hardcoded/sw/mb_usb_hdmi_top_hardcoded/standalone_microblaze_0/bspinclude/include/xparameters.h:574:50: warning: initialization of 'volatile struct TEXT_HDMI_STRUCT *' from 'int' makes pointer from integer without a cast [-Wint-conversion]
  574 | #define XPAR_HDMI_TEXT_CONTROLLER_0_AXI_BASEADDR 0x44A00000
      |                                                  ^~~~~~~~~~
../src/hdmi_text_controller.h:38:54: note: in expansion of macro 'XPAR_HDMI_TEXT_CONTROLLER_0_AXI_BASEADDR'
   38 | static volatile struct TEXT_HDMI_STRUCT* hdmi_ctrl = XPAR_HDMI_TEXT_CONTROLLER_0_AXI_BASEADDR;
      |                                                      ^~~~~~~~~~~~~~~~~~~~~~~~~~~~~~~~~~~~~~~~
../src/hdmi_text_controller.c: In function 'setColorPalette':
../src/hdmi_text_controller.c:58:31: warning: initialization of 'volatile uint32_t *' {aka 'volatile long unsigned int *'} from 'long unsigned int' makes pointer from integer without a cast [-Wint-conversion]
   58 |     volatile uint32_t* base = (uint32_t)(hdmi_ctrl + 0x800); // Sets the base to the start of the color_pallete
      |                               ^
../src/hdmi_text_controller.c: In function 'textHDMIColorScreenSaver':
../src/hdmi_text_controller.c:113:32: warning: passing argument 1 of 'memcpy' discards 'volatile' qualifier from pointer target type [-Wdiscarded-qualifiers]
  113 |                         memcpy(&(hdmi_ctrl->VRAM[(dvd_y*COLUMNS + dvd_x) * 2]), old_string, strlen(dvd_string)*2);
      |                                ^~~~~~~~~~~~~~~~~~~~~~~~~~~~~~~~~~~~~~~~~~~~~~~
In file included from ../src/hdmi_text_controller.c:7:
c:\xilinx\vitis\2022.2\gnu\microblaze\nt\microblazeeb-xilinx-elf\usr\include\string.h:31:18: note: expected 'void * restrict' but argument is of type 'volatile uint8_t *' {aka 'volatile unsigned char *'}
   31 | void *   memcpy (void *__restrict, const void *__restrict, size_t);
      |                  ^
../src/hdmi_text_controller.c:123:44: warning: passing argument 2 of 'memcpy' discards 'volatile' qualifier from pointer target type [-Wdiscarded-qualifiers]
  123 |                         memcpy(old_string, &(hdmi_ctrl->VRAM[(dvd_y*COLUMNS + dvd_x) * 2]), strlen(dvd_string)*2);
      |                                            ^~~~~~~~~~~~~~~~~~~~~~~~~~~~~~~~~~~~~~~~~~~~~~~
In file included from ../src/hdmi_text_controller.c:7:
c:\xilinx\vitis\2022.2\gnu\microblaze\nt\microblazeeb-xilinx-elf\usr\include\string.h:31:36: note: expected 'const void * restrict' but argument is of type 'volatile uint8_t *' {aka 'volatile unsigned char *'}
   31 | void *   memcpy (void *__restrict, const void *__restrict, size_t);
      |                                    ^
../src/hdmi_text_controller.c:95:16: warning: unused variable 'dvd_d_colors' [-Wunused-variable]
   95 |         int8_t dvd_d_colors[3] = {-1, +1, -1};
      |                ^~~~~~~~~~~~
../src/hdmi_text_controller.c:94:16: warning: unused variable 'dvd_colors' [-Wunused-variable]
   94 |         int8_t dvd_colors[3] = {0x07, 0x07, 0x07};
      |                ^~~~~~~~~~
../src/hdmi_text_controller.c: At top level:
../src/hdmi_text_controller.c:148:1: warning: return type defaults to 'int' [-Wimplicit-int]
  148 | hdmiTestWeek2()
      | ^~~~~~~~~~~~~
../src/hdmi_text_controller.c:148:1: warning: conflicting types for 'hdmiTestWeek2'
In file included from ../src/hdmi_text_controller.c:4:
../src/hdmi_text_controller.h:129:6: note: previous declaration of 'hdmiTestWeek2' with type 'void()'
  129 | void hdmiTestWeek2(); //call this for your Week 2 demo
      |      ^~~~~~~~~~~~~
'Finished building: ../src/hdmi_text_controller.c'
' '
'Building file: ../src/helloworld.c'
'Invoking: MicroBlaze gcc compiler'
mb-gcc -Wall -O0 -g3 -c -fmessage-length=0 -MT"src/helloworld.o" -IC:/Users/Samwa/ALL_ece385/ECE385_github/lab_72/lab_72.sdk_new/mb_usb_hdmi_top_hardcoded/export/mb_usb_hdmi_top_hardcoded/sw/mb_usb_hdmi_top_hardcoded/standalone_microblaze_0/bspinclude/include -mno-xl-reorder -mlittle-endian -mxl-barrel-shift -mxl-pattern-compare -mcpu=v11.0 -mno-xl-soft-mul -Wl,--no-relax -ffunction-sections -fdata-sections -MMD -MP -MF"src/helloworld.d" -MT"src/helloworld.o" -o "src/helloworld.o" "../src/helloworld.c"
../src/helloworld.c: In function 'main':
../src/helloworld.c:56:17: warning: implicit declaration of function 'hdmiTestWeek2' [-Wimplicit-function-declaration]
   56 |                 hdmiTestWeek2();
      |                 ^~~~~~~~~~~~~
'Finished building: ../src/helloworld.c'
' '
'Building file: ../src/platform.c'
'Invoking: MicroBlaze gcc compiler'
mb-gcc -Wall -O0 -g3 -c -fmessage-length=0 -MT"src/platform.o" -IC:/Users/Samwa/ALL_ece385/ECE385_github/lab_72/lab_72.sdk_new/mb_usb_hdmi_top_hardcoded/export/mb_usb_hdmi_top_hardcoded/sw/mb_usb_hdmi_top_hardcoded/standalone_microblaze_0/bspinclude/include -mno-xl-reorder -mlittle-endian -mxl-barrel-shift -mxl-pattern-compare -mcpu=v11.0 -mno-xl-soft-mul -Wl,--no-relax -ffunction-sections -fdata-sections -MMD -MP -MF"src/platform.d" -MT"src/platform.o" -o "src/platform.o" "../src/platform.c"
'Finished building: ../src/platform.c'
' '
'Building target: hdmi_hardcode_test.elf'
'Invoking: MicroBlaze gcc linker'
mb-gcc -Wl,-T -Wl,../src/lscript.ld -LC:/Users/Samwa/ALL_ece385/ECE385_github/lab_72/lab_72.sdk_new/mb_usb_hdmi_top_hardcoded/export/mb_usb_hdmi_top_hardcoded/sw/mb_usb_hdmi_top_hardcoded/standalone_microblaze_0/bsplib/lib -mlittle-endian -mxl-barrel-shift -mxl-pattern-compare -mcpu=v11.0 -mno-xl-soft-mul -Wl,--no-relax -Wl,--gc-sections -o "hdmi_hardcode_test.elf"  ./src/hdmi_text_controller.o ./src/helloworld.o ./src/platform.o   -Wl,--start-group,-lxil,-lgcc,-lc,--end-group
'Finished building target: hdmi_hardcode_test.elf'
' '
'Invoking: MicroBlaze Print Size'
mb-size hdmi_hardcode_test.elf  |tee "hdmi_hardcode_test.elf.size"
   text	   data	    bss	    dec	    hex	filename
  84844	   2096	   3172	  90112	  16000	hdmi_hardcode_test.elf
'Finished building: hdmi_hardcode_test.elf.size'
' '

23:11:41 Build Finished (took 1s.416ms)

